// Jest Snapshot v1, https://goo.gl/fbAQLP

exports[`HomePageSwitcher render HomePageSwitcher 1`] = `
<DocumentFragment>
  <div
    class="switcher"
  >
    <p>
      Light mode
    </p>
    <label
      class="switch"
    >
      <input
        type="checkbox"
      />
      <span
        class="slider"
      />
    </label>
  </div>
</DocumentFragment>
`;
