// Jest Snapshot v1, https://goo.gl/fbAQLP

exports[`Sidebar render Sidebar 1`] = `
<DocumentFragment>
  <div
    class="sidebar component"
    role="navigation"
    style="top: 384px; width: 64px;"
  >
    <a
      class="sidebarItem"
      href="/profile"
      role="link"
    >
      <span
        class="sidebarProfile"
      >
        IA
      </span>
      <div
        class="prompt"
      >
        <p>
          Profile
        </p>
      </div>
    </a>
    <a
      class="sidebarItem"
      href="/home"
      role="link"
    >
      <svg>
        home.svg
      </svg>
      <div
        class="prompt"
      >
        <p>
          Home
        </p>
      </div>
    </a>
    <a
      class="sidebarItem"
      href="/accountancy"
      role="link"
    >
      <svg>
        accountancy.svg
      </svg>
      <div
        class="prompt"
      >
        <p>
          Accountancy
        </p>
      </div>
    </a>
    <a
      class="sidebarItem"
      href="/statistics"
      role="link"
    >
      <svg>
        statistics.svg
      </svg>
      <div
        class="prompt"
      >
        <p>
          Statistics
        </p>
      </div>
    </a>
    <a
      class="sidebarItem"
      href="/settings"
      role="link"
    >
      <svg>
        settings.svg
      </svg>
      <div
        class="prompt"
      >
        <p>
          Settings
        </p>
      </div>
    </a>
    <a
      class="sidebarItem"
      href="/add-operation"
      role="link"
    >
      <svg>
        add.svg
      </svg>
      <div
        class="prompt"
      >
        <p>
          Add operation
        </p>
      </div>
    </a>
    <a
      aria-current="page"
      class="sidebarItem expand active"
      href="/"
      role="link"
    >
      <svg>
        expand.svg
      </svg>
      <div
        class="prompt"
      >
        <p>
          Expand sidebar
        </p>
      </div>
    </a>
  </div>
</DocumentFragment>
`;
