// Jest Snapshot v1, https://goo.gl/fbAQLP

exports[`App render App 1`] = `
<DocumentFragment>
  <div
    class="app"
    data-mode="light"
  >
    <header
      class="header app-wrap"
    >
      <div
        class="headerLeft"
      >
        <div
          class="appLogo"
        >
          <div
            class="txt--logo"
          >
            <span
              class="txt--orange"
            >
              m.
            </span>
            <span>
              accounter
            </span>
          </div>
        </div>
        <div>
          <div
            class="txt--title-small"
          >
            <p>
              Good morning, 
              <span>
                User
              </span>
              !
            </p>
          </div>
        </div>
      </div>
      <div
        class="switcher"
      >
        <p>
          Light mode
        </p>
        <label
          class="switch"
        >
          <input
            type="checkbox"
          />
          <span
            class="slider"
          />
        </label>
      </div>
    </header>
    <section
      class="app-wrap"
    >
      <div
        class="sidebar component"
        role="navigation"
        style="top: 384px; width: 64px;"
      >
        <a
          class="sidebarItem"
          href="/profile"
          role="link"
        >
          <span
            class="sidebarProfile"
          >
            IA
          </span>
          <div
            class="prompt"
          >
            <p>
              Profile
            </p>
          </div>
        </a>
        <a
          class="sidebarItem"
          href="/home"
          role="link"
        >
          <svg>
            home.svg
          </svg>
          <div
            class="prompt"
          >
            <p>
              Home
            </p>
          </div>
        </a>
        <a
          class="sidebarItem"
          href="/accountancy"
          role="link"
        >
          <svg>
            accountancy.svg
          </svg>
          <div
            class="prompt"
          >
            <p>
              Accountancy
            </p>
          </div>
        </a>
        <a
          class="sidebarItem"
          href="/statistics"
          role="link"
        >
          <svg>
            statistics.svg
          </svg>
          <div
            class="prompt"
          >
            <p>
              Statistics
            </p>
          </div>
        </a>
        <a
          class="sidebarItem"
          href="/settings"
          role="link"
        >
          <svg>
            settings.svg
          </svg>
          <div
            class="prompt"
          >
            <p>
              Settings
            </p>
          </div>
        </a>
        <a
          class="sidebarItem"
          href="/add-operation"
          role="link"
        >
          <svg>
            add.svg
          </svg>
          <div
            class="prompt"
          >
            <p>
              Add operation
            </p>
          </div>
        </a>
      </div>
      <main
        class="container"
      >
        <div>
          <div
            class="component"
          >
            <div
              class="txt--title-small title"
            >
              <p>
                Last expenses
              </p>
              <svg>
                add.svg
              </svg>
            </div>
            <div
              class="rows"
            >
              <div
                class="row"
              >
                <div
                  class="column card"
                >
                  <p
                    class="cardTitle"
                  >
                    Mastercard
                  </p>
                  <p
                    class="cardNumber"
                  >
                    ****9474
                  </p>
                </div>
                <div
                  class="column sum"
                >
                  <p>
                    3,000 ₽
                  </p>
                </div>
                <div
                  class="column dots"
                >
                  <svg>
                    dots.svg
                  </svg>
                </div>
              </div>
              <div
                class="row"
              >
                <div
                  class="column card"
                >
                  <p
                    class="cardTitle"
                  >
                    Mastercard
                  </p>
                  <p
                    class="cardNumber"
                  >
                    ****9474
                  </p>
                </div>
                <div
                  class="column sum"
                >
                  <p>
                    3,000 ₽
                  </p>
                </div>
                <div
                  class="column dots"
                >
                  <svg>
                    dots.svg
                  </svg>
                </div>
              </div>
              <div
                class="row"
              >
                <div
                  class="column card"
                >
                  <p
                    class="cardTitle"
                  >
                    Mastercard
                  </p>
                  <p
                    class="cardNumber"
                  >
                    ****9474
                  </p>
                </div>
                <div
                  class="column sum"
                >
                  <p>
                    17,000 ₽
                  </p>
                </div>
                <div
                  class="column dots"
                >
                  <svg>
                    dots.svg
                  </svg>
                </div>
              </div>
              <div
                class="row"
              >
                <div
                  class="column card"
                >
                  <p
                    class="cardTitle"
                  >
                    Mastercard
                  </p>
                  <p
                    class="cardNumber"
                  >
                    ****9474
                  </p>
                </div>
                <div
                  class="column sum"
                >
                  <p>
                    1,150,000 ₽
                  </p>
                </div>
                <div
                  class="column dots"
                >
                  <svg>
                    dots.svg
                  </svg>
                </div>
              </div>
            </div>
          </div>
        </div>
      </main>
    </section>
  </div>
</DocumentFragment>
`;
